(the 'simple' mode was introduced in Git 1.7.11. Use the similar mode
'current' instead of 'simple' if you sometimes use older versions of Git)

fatal: 'temp' does not appear to be a git repository
fatal: Could not read from remote repository.

Please make sure you have the correct access rights
and the repository exists.

C:\Users\Deborah\Documents\Ruby\sinatra-starter\idea-feast\cryptic-gorge-7778>cd
 ..

C:\Users\Deborah\Documents\Ruby\sinatra-starter\idea-feast>git push temp
warning: push.default is unset; its implicit value is changing in
Git 2.0 from 'matching' to 'simple'. To squelch this message
and maintain the current behavior after the default changes, use:

  git config --global push.default matching

To squelch this message and adopt the new behavior now, use:

  git config --global push.default simple

When push.default is set to 'matching', git will push local branches
to the remote branches that already exist with the same name.

In Git 2.0, Git will default to the more conservative 'simple'
behavior, which only pushes the current branch to the corresponding
remote branch that 'git pull' uses to update the current branch.

See 'git help config' and search for 'push.default' for further information.
(the 'simple' mode was introduced in Git 1.7.11. Use the similar mode
'current' instead of 'simple' if you sometimes use older versions of Git)

fatal: 'temp' does not appear to be a git repository
fatal: Could not read from remote repository.

Please make sure you have the correct access rights
and the repository exists.

C:\Users\Deborah\Documents\Ruby\sinatra-starter\idea-feast>git add cryptic-gorge
-7778

C:\Users\Deborah\Documents\Ruby\sinatra-starter\idea-feast>git status
On branch master
Your branch is ahead of 'origin/master' by 3 commits.
  (use "git push" to publish your local commits)

nothing to commit, working directory clean

C:\Users\Deborah\Documents\Ruby\sinatra-starter\idea-feast>git checkout
Your branch is ahead of 'origin/master' by 3 commits.
  (use "git push" to publish your local commits)

C:\Users\Deborah\Documents\Ruby\sinatra-starter\idea-feast>git temp
git: 'temp' is not a git command. See 'git --help'.

Did you mean this?
        help

C:\Users\Deborah\Documents\Ruby\sinatra-starter\idea-feast>git checkout temp
error: pathspec 'temp' did not match any file(s) known to git.

C:\Users\Deborah\Documents\Ruby\sinatra-starter\idea-feast>git branch
* master
  students

C:\Users\Deborah\Documents\Ruby\sinatra-starter\idea-feast>git checkout master
Already on 'master'
Your branch is ahead of 'origin/master' by 3 commits.
  (use "git push" to publish your local commits)

C:\Users\Deborah\Documents\Ruby\sinatra-starter\idea-feast>git merge students
Already up-to-date.

C:\Users\Deborah\Documents\Ruby\sinatra-starter\idea-feast>git branch
* master
  students

C:\Users\Deborah\Documents\Ruby\sinatra-starter\idea-feast>git push
warning: push.default is unset; its implicit value is changing in
Git 2.0 from 'matching' to 'simple'. To squelch this message
and maintain the current behavior after the default changes, use:

  git config --global push.default matching

To squelch this message and adopt the new behavior now, use:

  git config --global push.default simple

When push.default is set to 'matching', git will push local branches
to the remote branches that already exist with the same name.

In Git 2.0, Git will default to the more conservative 'simple'
behavior, which only pushes the current branch to the corresponding
remote branch that 'git pull' uses to update the current branch.

See 'git help config' and search for 'push.default' for further information.
(the 'simple' mode was introduced in Git 1.7.11. Use the similar mode
'current' instead of 'simple' if you sometimes use older versions of Git)

ERROR: Permission to colinjlacy/idea-feast.git denied to daa5417.
fatal: Could not read from remote repository.

Please make sure you have the correct access rights
and the repository exists.

C:\Users\Deborah\Documents\Ruby\sinatra-starter\idea-feast>git checkout -b middl
e
Switched to a new branch 'middle'

C:\Users\Deborah\Documents\Ruby\sinatra-starter\idea-feast>git branch
  master
* middle
  students

C:\Users\Deborah\Documents\Ruby\sinatra-starter\idea-feast>git add cryptic-gorge
-7778

C:\Users\Deborah\Documents\Ruby\sinatra-starter\idea-feast>git commit -m "add cr
yptic folder"
On branch middle
nothing to commit, working directory clean

C:\Users\Deborah\Documents\Ruby\sinatra-starter\idea-feast>git status
On branch middle
nothing to commit, working directory clean

C:\Users\Deborah\Documents\Ruby\sinatra-starter\idea-feast>git add .

C:\Users\Deborah\Documents\Ruby\sinatra-starter\idea-feast>git status
On branch middle
nothing to commit, working directory clean

C:\Users\Deborah\Documents\Ruby\sinatra-starter\idea-feast>git checkout master
Switched to branch 'master'
Your branch is ahead of 'origin/master' by 3 commits.
  (use "git push" to publish your local commits)

C:\Users\Deborah\Documents\Ruby\sinatra-starter\idea-feast>git merge middle
Already up-to-date.

C:\Users\Deborah\Documents\Ruby\sinatra-starter\idea-feast>git branch
* master
  middle
  students

C:\Users\Deborah\Documents\Ruby\sinatra-starter\idea-feast>git branch -d middle
Deleted branch middle (was 3c20d11).

C:\Users\Deborah\Documents\Ruby\sinatra-starter\idea-feast>git branch
* master
  students

C:\Users\Deborah\Documents\Ruby\sinatra-starter\idea-feast>cd ..

C:\Users\Deborah\Documents\Ruby\sinatra-starter>cd ..

C:\Users\Deborah\Documents\Ruby>git push https://github.com/daa5417/RubyClass.gi
t
warning: push.default is unset; its implicit value is changing in
Git 2.0 from 'matching' to 'simple'. To squelch this message
and maintain the current behavior after the default changes, use:

  git config --global push.default matching

To squelch this message and adopt the new behavior now, use:

  git config --global push.default simple

When push.default is set to 'matching', git will push local branches
to the remote branches that already exist with the same name.

In Git 2.0, Git will default to the more conservative 'simple'
behavior, which only pushes the current branch to the corresponding
remote branch that 'git pull' uses to update the current branch.

See 'git help config' and search for 'push.default' for further information.
(the 'simple' mode was introduced in Git 1.7.11. Use the similar mode
'current' instead of 'simple' if you sometimes use older versions of Git)

Username for 'https://github.com': daa5417
Password for 'https://daa5417@github.com':
To https://github.com/daa5417/RubyClass.git
 ! [rejected]        master -> master (fetch first)
error: failed to push some refs to 'https://github.com/daa5417/RubyClass.git'
hint: Updates were rejected because the remote contains work that you do
hint: not have locally. This is usually caused by another repository pushing
hint: to the same ref. You may want to first integrate the remote changes
hint: (e.g., 'git pull ...') before pushing again.
hint: See the 'Note about fast-forwards' in 'git push --help' for details.

C:\Users\Deborah\Documents\Ruby>git push https://github.com/daa5417/RubyClass.gi
t
warning: push.default is unset; its implicit value is changing in
Git 2.0 from 'matching' to 'simple'. To squelch this message
and maintain the current behavior after the default changes, use:

  git config --global push.default matching

To squelch this message and adopt the new behavior now, use:

  git config --global push.default simple

When push.default is set to 'matching', git will push local branches
to the remote branches that already exist with the same name.

In Git 2.0, Git will default to the more conservative 'simple'
behavior, which only pushes the current branch to the corresponding
remote branch that 'git pull' uses to update the current branch.

See 'git help config' and search for 'push.default' for further information.
(the 'simple' mode was introduced in Git 1.7.11. Use the similar mode
'current' instead of 'simple' if you sometimes use older versions of Git)

Username for 'https://github.com': daa5417
Password for 'https://daa5417@github.com':
To https://github.com/daa5417/RubyClass.git
 ! [rejected]        master -> master (fetch first)
error: failed to push some refs to 'https://github.com/daa5417/RubyClass.git'
hint: Updates were rejected because the remote contains work that you do
hint: not have locally. This is usually caused by another repository pushing
hint: to the same ref. You may want to first integrate the remote changes
hint: (e.g., 'git pull ...') before pushing again.
hint: See the 'Note about fast-forwards' in 'git push --help' for details.

C:\Users\Deborah\Documents\Ruby>git fetch origin
fatal: 'origin' does not appear to be a git repository
fatal: Could not read from remote repository.

Please make sure you have the correct access rights
and the repository exists.

C:\Users\Deborah\Documents\Ruby>git pull origin RubyClass
fatal: 'origin' does not appear to be a git repository
fatal: Could not read from remote repository.

Please make sure you have the correct access rights
and the repository exists.

C:\Users\Deborah\Documents\Ruby>git pull https://github.com/daa5417/RubyClass.gi
t
warning: no common commits
remote: Counting objects: 3, done.
remote: Total 3 (delta 0), reused 0 (delta 0), pack-reused 3
Unpacking objects: 100% (3/3), done.
From https://github.com/daa5417/RubyClass
 * branch            HEAD       -> FETCH_HEAD
Merge made by the 'recursive' strategy.
 README.md | 2 ++
 1 file changed, 2 insertions(+)
 create mode 100644 README.md

C:\Users\Deborah\Documents\Ruby>git push https://github.com/daa5417/RubyClass.gi
t
warning: push.default is unset; its implicit value is changing in
Git 2.0 from 'matching' to 'simple'. To squelch this message
and maintain the current behavior after the default changes, use:

  git config --global push.default matching

To squelch this message and adopt the new behavior now, use:

  git config --global push.default simple

When push.default is set to 'matching', git will push local branches
to the remote branches that already exist with the same name.

In Git 2.0, Git will default to the more conservative 'simple'
behavior, which only pushes the current branch to the corresponding
remote branch that 'git pull' uses to update the current branch.

See 'git help config' and search for 'push.default' for further information.
(the 'simple' mode was introduced in Git 1.7.11. Use the similar mode
'current' instead of 'simple' if you sometimes use older versions of Git)

Username for 'https://github.com': daa5417
Password for 'https://daa5417@github.com':
Counting objects: 91, done.
Delta compression using up to 8 threads.
Compressing objects: 100% (85/85), done.
Writing objects: 100% (90/90), 3.70 MiB | 798.00 KiB/s, done.
Total 90 (delta 4), reused 0 (delta 0)
To https://github.com/daa5417/RubyClass.git
   ce8eedf..bdabd50  master -> master

C:\Users\Deborah\Documents\Ruby>git status
On branch master
Untracked files:
  (use "git add <file>..." to include in what will be committed)

        RubyClass-master/

nothing added to commit but untracked files present (use "git add" to track)

C:\Users\Deborah\Documents\Ruby>git status
On branch master
nothing to commit, working directory clean

C:\Users\Deborah\Documents\Ruby>