remote:        Installing activemodel 4.2.1
remote:        Installing sinatra-flash 0.3.0
remote:        Installing activerecord 4.2.1
remote:        Installing sinatra-redirect-with-flash 0.2.1
remote:        Installing sinatra-activerecord 2.0.6
remote:        Installing pg 0.18.2
remote:        Your bundle is complete!
remote:        Gems in the groups development and test were not installed.
remote:        It was installed into ./vendor/bundle
remote:        Bundle completed (25.29s)
remote:        Cleaning up the bundler cache.
remote:
remote: ###### WARNING:
remote:        Removing `Gemfile.lock` because it was generated on Windows.
remote:        Bundler will do a full resolve so native gems are handled properl
y.
remote:        This may result in unexpected gem versions being used in your app
.
remote:        In rare occasions Bundler may not be able to resolve your depende
ncies at all.
remote:        https://devcenter.heroku.com/articles/bundler-windows-gemfile
remote:
remote: ###### WARNING:
remote:        No Procfile detected, using the default web server (webrick)
remote:        https://devcenter.heroku.com/articles/ruby-default-web-server
remote:
remote: -----> Discovering process types
remote:        Procfile declares types -> (none)
remote:        Default types for Ruby  -> console, rake, web
remote:
remote: -----> Compressing... done, 19.8MB
remote: -----> Launching... failed
remote:
remote:  !     Push failed: error creating release
remote:  !     Please try pushing again.
remote:  !     If the problem persists, see http://help.heroku.com/ and provide
Request ID ab184d31-7d1d-402d-b9e6-cbd6a5b0f1bf.
remote:
remote:
remote: Verifying deploy...
remote:
remote: !       Push rejected to cryptic-gorge-7778.
remote:
To https://git.heroku.com/cryptic-gorge-7778.git
 ! [remote rejected] master -> master (pre-receive hook declined)
error: failed to push some refs to 'https://git.heroku.com/cryptic-gorge-7778.gi
t'

C:\Users\Deborah\Documents\Ruby\sinatra-starter\idea-feast>git checkout master
Already on 'master'
Your branch is ahead of 'origin/master' by 2 commits.
  (use "git push" to publish your local commits)

C:\Users\Deborah\Documents\Ruby\sinatra-starter\idea-feast>git merge students
Already up-to-date.

C:\Users\Deborah\Documents\Ruby\sinatra-starter\idea-feast>git status
On branch master
Your branch is ahead of 'origin/master' by 2 commits.
  (use "git push" to publish your local commits)

nothing to commit, working directory clean

C:\Users\Deborah\Documents\Ruby\sinatra-starter\idea-feast>git fetch

C:\Users\Deborah\Documents\Ruby\sinatra-starter\idea-feast>git push
warning: push.default is unset; its implicit value is changing in
Git 2.0 from 'matching' to 'simple'. To squelch this message
and maintain the current behavior after the default changes, use:

  git config --global push.default matching

To squelch this message and adopt the new behavior now, use:

  git config --global push.default simple

When push.default is set to 'matching', git will push local branches
to the remote branches that already exist with the same name.

In Git 2.0, Git will default to the more conservative 'simple'
behavior, which only pushes the current branch to the corresponding
remote branch that 'git pull' uses to update the current branch.

See 'git help config' and search for 'push.default' for further information.
(the 'simple' mode was introduced in Git 1.7.11. Use the similar mode
'current' instead of 'simple' if you sometimes use older versions of Git)

ERROR: Permission to colinjlacy/idea-feast.git denied to daa5417.
fatal: Could not read from remote repository.

Please make sure you have the correct access rights
and the repository exists.

C:\Users\Deborah\Documents\Ruby\sinatra-starter\idea-feast>git pull remote branc
h
fatal: 'remote' does not appear to be a git repository
fatal: Could not read from remote repository.

Please make sure you have the correct access rights
and the repository exists.

C:\Users\Deborah\Documents\Ruby\sinatra-starter\idea-feast>git fetch origin

C:\Users\Deborah\Documents\Ruby\sinatra-starter\idea-feast>git checkout master
Already on 'master'
Your branch is ahead of 'origin/master' by 2 commits.
  (use "git push" to publish your local commits)

C:\Users\Deborah\Documents\Ruby\sinatra-starter\idea-feast>git add idea-feast
fatal: pathspec 'idea-feast' did not match any files

C:\Users\Deborah\Documents\Ruby\sinatra-starter\idea-feast>cd ..

C:\Users\Deborah\Documents\Ruby\sinatra-starter>git add idea-feast

C:\Users\Deborah\Documents\Ruby\sinatra-starter>git add idea-feast\

C:\Users\Deborah\Documents\Ruby\sinatra-starter>cd idea-feast

C:\Users\Deborah\Documents\Ruby\sinatra-starter\idea-feast>git checkout master
Already on 'master'
Your branch is ahead of 'origin/master' by 2 commits.
  (use "git push" to publish your local commits)

C:\Users\Deborah\Documents\Ruby\sinatra-starter\idea-feast>git add .

C:\Users\Deborah\Documents\Ruby\sinatra-starter\idea-feast>git add -A

C:\Users\Deborah\Documents\Ruby\sinatra-starter\idea-feast>git checkout master
Already on 'master'
Your branch is ahead of 'origin/master' by 2 commits.
  (use "git push" to publish your local commits)

C:\Users\Deborah\Documents\Ruby\sinatra-starter\idea-feast>git push
warning: push.default is unset; its implicit value is changing in
Git 2.0 from 'matching' to 'simple'. To squelch this message
and maintain the current behavior after the default changes, use:

  git config --global push.default matching

To squelch this message and adopt the new behavior now, use:

  git config --global push.default simple

When push.default is set to 'matching', git will push local branches
to the remote branches that already exist with the same name.

In Git 2.0, Git will default to the more conservative 'simple'
behavior, which only pushes the current branch to the corresponding
remote branch that 'git pull' uses to update the current branch.

See 'git help config' and search for 'push.default' for further information.
(the 'simple' mode was introduced in Git 1.7.11. Use the similar mode
'current' instead of 'simple' if you sometimes use older versions of Git)

ERROR: Permission to colinjlacy/idea-feast.git denied to daa5417.
fatal: Could not read from remote repository.

Please make sure you have the correct access rights
and the repository exists.

C:\Users\Deborah\Documents\Ruby\sinatra-starter\idea-feast>git checkout master
Already on 'master'
Your branch is ahead of 'origin/master' by 2 commits.
  (use "git push" to publish your local commits)

C:\Users\Deborah\Documents\Ruby\sinatra-starter\idea-feast>git merge bio
merge: bio - not something we can merge

C:\Users\Deborah\Documents\Ruby\sinatra-starter\idea-feast>git push -u origin ma
ster
ERROR: Permission to colinjlacy/idea-feast.git denied to daa5417.
fatal: Could not read from remote repository.

Please make sure you have the correct access rights
and the repository exists.

C:\Users\Deborah\Documents\Ruby\sinatra-starter\idea-feast>heroku login
Your version of git is 1.9.4.. Which has serious security vulnerabilities.
More information here: https://blog.heroku.com/archives/2014/12/23/update_your_g
it_clients_on_windows_and_os_x
Enter your Heroku credentials.
Email: deborahaanderson@gmail.com
Password (typing will be hidden):
Authentication successful.

C:\Users\Deborah\Documents\Ruby\sinatra-starter\idea-feast>heroku create
Your version of git is 1.9.4.. Which has serious security vulnerabilities.
More information here: https://blog.heroku.com/archives/2014/12/23/update_your_g
it_clients_on_windows_and_os_x
 !    You've reached the limit of 5 apps for unverified accounts.
 !    Delete some apps or add a credit card to verify your account.

C:\Users\Deborah\Documents\Ruby\sinatra-starter\idea-feast>git checkout master
Already on 'master'
Your branch is ahead of 'origin/master' by 2 commits.
  (use "git push" to publish your local commits)

C:\Users\Deborah\Documents\Ruby\sinatra-starter\idea-feast>git merge students
Already up-to-date.

C:\Users\Deborah\Documents\Ruby\sinatra-starter\idea-feast>git push heroku maste
r
Counting objects: 157, done.
Delta compression using up to 8 threads.
Compressing objects: 100% (72/72), done.
Writing objects: 100% (157/157), 63.32 KiB | 0 bytes/s, done.
Total 157 (delta 81), reused 136 (delta 75)
remote: Compressing source files... done.
remote: Building source:
remote:
remote: -----> Ruby app detected
remote: -----> Compiling Ruby/Rack
remote: -----> Using Ruby version: ruby-2.1.5
remote: ###### WARNING:
remote:        Removing `Gemfile.lock` because it was generated on Windows.
remote:        Bundler will do a full resolve so native gems are handled properl
y.
remote:        This may result in unexpected gem versions being used in your app
.
remote:        In rare occasions Bundler may not be able to resolve your depende
ncies at all.
remote:        https://devcenter.heroku.com/articles/bundler-windows-gemfile
remote:
remote: -----> Installing dependencies using 1.7.12
remote:        Running: bundle install --without development:test --path vendor/
bundle --binstubs vendor/bundle/bin -j4
remote:        Fetching gem metadata from https://rubygems.org/...........
remote:        Resolving dependencies...
remote:        Installing minitest 5.6.1
remote:        Installing i18n 0.7.0
remote:        Installing builder 3.2.2
remote:        Installing thread_safe 0.3.5
remote:        Installing arel 6.0.0
remote:        Installing rack 1.6.1
remote:        Installing tilt 2.0.1
remote:        Using bundler 1.7.12
remote:        Installing tzinfo 1.2.2
remote:        Installing json 1.8.2
remote:        Installing rack-protection 1.5.3
remote:        Installing activesupport 4.2.1
remote:        Installing sinatra 1.4.6
remote:        Installing activemodel 4.2.1
remote:        Installing sinatra-flash 0.3.0
remote:        Installing sinatra-redirect-with-flash 0.2.1
remote:        Installing activerecord 4.2.1
remote:        Installing sinatra-activerecord 2.0.6
remote:        Installing pg 0.18.2
remote:        Your bundle is complete!
remote:        Gems in the groups development and test were not installed.
remote:        It was installed into ./vendor/bundle
remote:        Bundle completed (23.73s)
remote:        Cleaning up the bundler cache.
remote:
remote: ###### WARNING:
remote:        Removing `Gemfile.lock` because it was generated on Windows.
remote:        Bundler will do a full resolve so native gems are handled properl
y.
remote:        This may result in unexpected gem versions being used in your app
.
remote:        In rare occasions Bundler may not be able to resolve your depende
ncies at all.
remote:        https://devcenter.heroku.com/articles/bundler-windows-gemfile
remote:
remote: ###### WARNING:
remote:        No Procfile detected, using the default web server (webrick)
remote:        https://devcenter.heroku.com/articles/ruby-default-web-server
remote:
remote: -----> Discovering process types
remote:        Procfile declares types -> (none)
remote:        Default types for Ruby  -> console, rake, web
remote:
remote: -----> Compressing... done, 19.8MB
remote: -----> Launching... done, v5
remote:        https://cryptic-gorge-7778.herokuapp.com/ deployed to Heroku
remote:
remote: Verifying deploy... done.
To https://git.heroku.com/cryptic-gorge-7778.git
 * [new branch]      master -> master

C:\Users\Deborah\Documents\Ruby\sinatra-starter\idea-feast>heroku rake db:migrat
e
Your version of git is 1.9.4.. Which has serious security vulnerabilities.
More information here: https://blog.heroku.com/archives/2014/12/23/update_your_g
it_clients_on_windows_and_os_x
WARNING: `heroku rake` has been deprecated. Please use `heroku run rake` instead
.
Running `rake db:migrate` attached to terminal... up, run.9445
== 20150514001106 CreateIdeas: migrating ======================================
-- create_table(:ideas)
DEPRECATION WARNING: `#timestamp` was called without specifying an option for `n
ull`. In Rails 5, this behavior will change to `null: false`. You should manuall
y specify `null: true` to prevent the behavior of your existing migrations from
changing. (called from block in up at /app/db/migrate/20150514001106_create_idea
s.rb:7)
   -> 0.0598s
== 20150514001106 CreateIdeas: migrated (0.0601s) =============================


C:\Users\Deborah\Documents\Ruby\sinatra-starter\idea-feast>