Microsoft Windows [Version 6.3.9600]
(c) 2013 Microsoft Corporation. All rights reserved.

C:\Users\Deborah>cd C:\Users\Deborah\Documents\Ruby\HTML

C:\Users\Deborah\Documents\Ruby\HTML>git init
Reinitialized existing Git repository in C:/Users/Deborah/Documents/Ruby/HTML/.g
it/

C:\Users\Deborah\Documents\Ruby\HTML>git add .

C:\Users\Deborah\Documents\Ruby\HTML>git commit -am '[master] first commit
fatal: Paths with -a does not make sense.

C:\Users\Deborah\Documents\Ruby\HTML>git commit -m '[master] first commit
error: pathspec 'first' did not match any file(s) known to git.
error: pathspec 'commit' did not match any file(s) known to git.

C:\Users\Deborah\Documents\Ruby\HTML>git commit -m "test"
[master (root-commit) 24d2a29] test
 1 file changed, 1 insertion(+)
 create mode 100644 index.html

C:\Users\Deborah\Documents\Ruby\HTML>git commit -a -m "test"
On branch master
nothing to commit, working directory clean

C:\Users\Deborah\Documents\Ruby\HTML>git add index.html

C:\Users\Deborah\Documents\Ruby\HTML>git commit -am '[master] first commit
fatal: Paths with -a does not make sense.

C:\Users\Deborah\Documents\Ruby\HTML>git commit -m "test"
On branch master
nothing to commit, working directory clean

C:\Users\Deborah\Documents\Ruby\HTML>git init
Reinitialized existing Git repository in C:/Users/Deborah/Documents/Ruby/HTML/.g
it/

C:\Users\Deborah\Documents\Ruby\HTML>git add .

C:\Users\Deborah\Documents\Ruby\HTML>git commit -am '[master] first commit
fatal: Paths with -a does not make sense.

C:\Users\Deborah\Documents\Ruby\HTML>git commit -am ''[master] first commit
fatal: Paths with -a does not make sense.

C:\Users\Deborah\Documents\Ruby\HTML>git commit -am ''[master] first commit
fatal: Paths with -a does not make sense.

C:\Users\Deborah\Documents\Ruby\HTML>git commit -m ''[master] first commit
error: pathspec 'first' did not match any file(s) known to git.
error: pathspec 'commit' did not match any file(s) known to git.

C:\Users\Deborah\Documents\Ruby\HTML>git commit -m "test"
On branch master
nothing to commit, working directory clean

C:\Users\Deborah\Documents\Ruby\HTML>git commit -am "[master] first commit
On branch master
nothing to commit, working directory clean

C:\Users\Deborah\Documents\Ruby\HTML>git log
commit 24d2a29c0f3fe72f164a3a3e3f55af590e6f6ab7
Author: Deborah A. Anderson <deborahaanderson@gmail.com>
Date:   Mon Apr 27 18:45:08 2015 -0500

    test

C:\Users\Deborah\Documents\Ruby\HTML>git status
On branch master
Changes not staged for commit:
  (use "git add <file>..." to update what will be committed)
  (use "git checkout -- <file>..." to discard changes in working directory)

        modified:   index.html

no changes added to commit (use "git add" and/or "git commit -a")

C:\Users\Deborah\Documents\Ruby\HTML>git add .

C:\Users\Deborah\Documents\Ruby\HTML>git status
On branch master
Changes to be committed:
  (use "git reset HEAD <file>..." to unstage)

        modified:   index.html


C:\Users\Deborah\Documents\Ruby\HTML>git checkout -b newbranch
M       index.html
Switched to a new branch 'newbranch'

C:\Users\Deborah\Documents\Ruby\HTML>git status
On branch newbranch
Changes to be committed:
  (use "git reset HEAD <file>..." to unstage)

        modified:   index.html


C:\Users\Deborah\Documents\Ruby\HTML>git commit -am "[newbranch] modifies index.
html"
[newbranch 1f4906e] [newbranch] modifies index.html
 1 file changed, 1 insertion(+), 1 deletion(-)

C:\Users\Deborah\Documents\Ruby\HTML>git checkout master
Switched to branch 'master'

C:\Users\Deborah\Documents\Ruby\HTML>git merge newbranch
Updating 24d2a29..1f4906e
Fast-forward
 index.html | 2 +-
 1 file changed, 1 insertion(+), 1 deletion(-)

C:\Users\Deborah\Documents\Ruby\HTML>git add -A

C:\Users\Deborah\Documents\Ruby\HTML>git status
On branch master
Changes to be committed:
  (use "git reset HEAD <file>..." to unstage)

        new file:   about.html
        modified:   index.html


C:\Users\Deborah\Documents\Ruby\HTML>git checkout -b bio
A       about.html
M       index.html
Switched to a new branch 'bio'

C:\Users\Deborah\Documents\Ruby\HTML>git commit -am "[bio] adds a heading, subhe
ading and bio paragraph"
[bio e410004] [bio] adds a heading, subheading and bio paragraph
 2 files changed, 28 insertions(+), 1 deletion(-)
 create mode 100644 about.html
























