 create mode 100644 HW/wireframe/Thumbs.db
 create mode 100644 HW/wireframe/mobile/wireframe_DA_About_mobile.jpg
 create mode 100644 HW/wireframe/mobile/wireframe_DA_Blog_mobile.jpg
 create mode 100644 HW/wireframe/mobile/wireframe_DA_Contact_mobile.jpg
 create mode 100644 HW/wireframe/mobile/wireframe_DA_Home_mobile.jpg
 create mode 100644 HW/wireframe/mobile/wireframe_DA_Porfolio_mobile.jpg
 create mode 100644 HW/wireframe/wireframe_DA.pdf
 create mode 100644 HW/wireframe/wireframe_DA_About.jpg
 create mode 100644 HW/wireframe/wireframe_DA_Blog.jpg
 create mode 100644 HW/wireframe/wireframe_DA_Contact.jpg
 create mode 100644 HW/wireframe/wireframe_DA_Home.jpg
 create mode 100644 HW/wireframe/wireframe_DA_Porfolio.jpg
 create mode 100644 HW/wireframe_DeborahAnderson_mobile.psd
 create mode 100644 Notes/GitHubNotes.docx
 create mode 100644 Notes/~$tHubNotes.docx
 create mode 160000 RubyClass
 create mode 100644 TeacherFiles/2015.04.27_HTML/beginning-html-master/.idea/beg
inning-html.iml
 create mode 100644 TeacherFiles/2015.04.27_HTML/beginning-html-master/.idea/enc
odings.xml
 create mode 100644 TeacherFiles/2015.04.27_HTML/beginning-html-master/.idea/mis
c.xml
 create mode 100644 TeacherFiles/2015.04.27_HTML/beginning-html-master/.idea/mod
ules.xml
 create mode 100644 TeacherFiles/2015.04.27_HTML/beginning-html-master/.idea/sco
pes/scope_settings.xml
 create mode 100644 TeacherFiles/2015.04.27_HTML/beginning-html-master/.idea/vcs
.xml
 create mode 100644 TeacherFiles/2015.04.27_HTML/beginning-html-master/README.md

 create mode 100644 TeacherFiles/2015.04.27_HTML/beginning-html-master/about.htm
l
 create mode 100644 TeacherFiles/2015.04.27_HTML/beginning-html-master/contact.h
tml
 create mode 100644 TeacherFiles/2015.04.27_HTML/beginning-html-master/img/place
holder.jpg
 create mode 100644 TeacherFiles/2015.04.27_HTML/beginning-html-master/index.htm
l
 create mode 100644 TeacherFiles/2015.04.29_CSS/beginner-css-and-responsive-mast
er/.gitignore
 create mode 100644 TeacherFiles/2015.04.29_CSS/beginner-css-and-responsive-mast
er/about.html
 create mode 100644 TeacherFiles/2015.04.29_CSS/beginner-css-and-responsive-mast
er/contact.html
 create mode 100644 TeacherFiles/2015.04.29_CSS/beginner-css-and-responsive-mast
er/css/float.css
 create mode 100644 TeacherFiles/2015.04.29_CSS/beginner-css-and-responsive-mast
er/css/more-styles.css
 create mode 100644 TeacherFiles/2015.04.29_CSS/beginner-css-and-responsive-mast
er/css/styles.css
 create mode 100644 TeacherFiles/2015.04.29_CSS/beginner-css-and-responsive-mast
er/floats.html
 create mode 100644 TeacherFiles/2015.04.29_CSS/beginner-css-and-responsive-mast
er/img/Thumbs.db
 create mode 100644 TeacherFiles/2015.04.29_CSS/beginner-css-and-responsive-mast
er/img/colin.jpg
 create mode 100644 TeacherFiles/2015.04.29_CSS/beginner-css-and-responsive-mast
er/img/gh.png
 create mode 100644 TeacherFiles/2015.04.29_CSS/beginner-css-and-responsive-mast
er/img/placeholder.jpg
 create mode 100644 TeacherFiles/2015.04.29_CSS/beginner-css-and-responsive-mast
er/index.html
 create mode 100644 Thumbs.db
 create mode 100644 angryBoss.rb
 create mode 100644 arrays.rb
 create mode 100644 bootstrap-3.3.4-dist.zip
 create mode 100644 branching.rb
 create mode 100644 calc.rb
 create mode 100644 comparison.rb
 create mode 100644 eachMethod.rb
 create mode 100644 futurePracticePrograms.txt
 create mode 100644 gitNotes.txt
 create mode 100644 git_heroku_DAnderson.txt
 create mode 100644 join.rb
 create mode 100644 justify.rb
 create mode 100644 letters
 create mode 100644 letters.rb
 create mode 100644 logical.rb
 create mode 100644 loop.rb
 create mode 100644 math.rb
 create mode 100644 method.rb
 create mode 100644 moreMath.rb
 create mode 100644 notes_TTS.txt
 create mode 100644 poem.rb
 create mode 100644 rand.rb
 create mode 160000 sinatra-starter
 create mode 100644 srand.rb
 create mode 100644 tableOfContents.rb
 create mode 100644 toc_wrong.rb
 create mode 100644 variables.rb
 create mode 100644 wireframe_DeborahAnderson.psd

C:\Users\Deborah\Documents\Ruby>git add -A

C:\Users\Deborah\Documents\Ruby>git status
On branch master
Changes not staged for commit:
  (use "git add <file>..." to update what will be committed)
  (use "git checkout -- <file>..." to discard changes in working directory)
  (commit or discard the untracked or modified content in submodules)

        modified:   sinatra-starter (modified content, untracked content)

no changes added to commit (use "git add" and/or "git commit -a")

C:\Users\Deborah\Documents\Ruby>git add sinatra-starter

C:\Users\Deborah\Documents\Ruby>git add Ruby\sinatra-starter
fatal: pathspec 'Ruby\sinatra-starter' did not match any files

C:\Users\Deborah\Documents\Ruby>git add sinatra-starter\idea-feast
fatal: Pathspec 'sinatra-starter\idea-feast' is in submodule 'sinatra-starter'

C:\Users\Deborah\Documents\Ruby>cd sinatra-starter

C:\Users\Deborah\Documents\Ruby\sinatra-starter>cd idea-feast

C:\Users\Deborah\Documents\Ruby\sinatra-starter\idea-feast>cd cryptic-gorge-7778


C:\Users\Deborah\Documents\Ruby\sinatra-starter\idea-feast\cryptic-gorge-7778>gi
t init
Reinitialized existing Git repository in C:/Users/Deborah/Documents/Ruby/sinatra
-starter/idea-feast/cryptic-gorge-7778/.git/

C:\Users\Deborah\Documents\Ruby\sinatra-starter\idea-feast\cryptic-gorge-7778>gi
t add .

C:\Users\Deborah\Documents\Ruby\sinatra-starter\idea-feast\cryptic-gorge-7778>gi
t commit -m "adding cryptic files"
On branch master
Your branch is up-to-date with 'heroku/master'.

nothing to commit, working directory clean

C:\Users\Deborah\Documents\Ruby\sinatra-starter\idea-feast\cryptic-gorge-7778>cd
 ..

C:\Users\Deborah\Documents\Ruby\sinatra-starter\idea-feast>git status
On branch master
Your branch is ahead of 'origin/master' by 2 commits.
  (use "git push" to publish your local commits)

Untracked files:
  (use "git add <file>..." to include in what will be committed)

        cryptic-gorge-7778/

nothing added to commit but untracked files present (use "git add" to track)

C:\Users\Deborah\Documents\Ruby\sinatra-starter\idea-feast>git add
Nothing specified, nothing added.
Maybe you wanted to say 'git add .'?

C:\Users\Deborah\Documents\Ruby\sinatra-starter\idea-feast>git add cryptic-gorge
-7778

C:\Users\Deborah\Documents\Ruby\sinatra-starter\idea-feast>git status
On branch master
Your branch is ahead of 'origin/master' by 2 commits.
  (use "git push" to publish your local commits)

Changes to be committed:
  (use "git reset HEAD <file>..." to unstage)

        new file:   cryptic-gorge-7778


C:\Users\Deborah\Documents\Ruby\sinatra-starter\idea-feast>git add .

C:\Users\Deborah\Documents\Ruby\sinatra-starter\idea-feast>git status
On branch master
Your branch is ahead of 'origin/master' by 2 commits.
  (use "git push" to publish your local commits)

Changes to be committed:
  (use "git reset HEAD <file>..." to unstage)

        new file:   cryptic-gorge-7778


C:\Users\Deborah\Documents\Ruby\sinatra-starter\idea-feast>git commit -am "addin
g cryptic-gorge-7778
[master 3c20d11] adding cryptic-gorge-7778
 1 file changed, 1 insertion(+)
 create mode 160000 cryptic-gorge-7778

C:\Users\Deborah\Documents\Ruby\sinatra-starter\idea-feast>git status
On branch master
Your branch is ahead of 'origin/master' by 3 commits.
  (use "git push" to publish your local commits)

nothing to commit, working directory clean

C:\Users\Deborah\Documents\Ruby\sinatra-starter\idea-feast>cd ..

C:\Users\Deborah\Documents\Ruby\sinatra-starter>git status
On branch master
Changes to be committed:
  (use "git reset HEAD <file>..." to unstage)

        new file:   idea-feast

Changes not staged for commit:
  (use "git add <file>..." to update what will be committed)
  (use "git checkout -- <file>..." to discard changes in working directory)

        modified:   Gemfile.lock
        modified:   idea-feast (new commits)
        modified:   test.rb

Untracked files:
  (use "git add <file>..." to include in what will be committed)

        views/contact.erb
        views/contact.html
        views/deborah.erb
        views/instance.erb
        views/template.erb
        views/variables.erb


C:\Users\Deborah\Documents\Ruby\sinatra-starter>git add '*.erb'
fatal: pathspec ''*.erb'' did not match any files

C:\Users\Deborah\Documents\Ruby\sinatra-starter>git add idea-feast

C:\Users\Deborah\Documents\Ruby\sinatra-starter>git add Gemfile.lock

C:\Users\Deborah\Documents\Ruby\sinatra-starter>get add test.rb
'get' is not recognized as an internal or external command,
operable program or batch file.

C:\Users\Deborah\Documents\Ruby\sinatra-starter>git add test.rb

C:\Users\Deborah\Documents\Ruby\sinatra-starter>get add views
'get' is not recognized as an internal or external command,
operable program or batch file.

C:\Users\Deborah\Documents\Ruby\sinatra-starter>git add views

C:\Users\Deborah\Documents\Ruby\sinatra-starter>git status
On branch master
Changes to be committed:
  (use "git reset HEAD <file>..." to unstage)

        modified:   Gemfile.lock
        new file:   idea-feast
        modified:   test.rb
        new file:   views/contact.erb
        new file:   views/contact.html
        new file:   views/deborah.erb
        new file:   views/instance.erb
        new file:   views/template.erb
        new file:   views/variables.erb


C:\Users\Deborah\Documents\Ruby\sinatra-starter>git commit -m "adding idea feast
 files"
[master 2d24d5b] adding idea feast files
 9 files changed, 270 insertions(+), 3 deletions(-)
 create mode 160000 idea-feast
 create mode 100644 views/contact.erb
 create mode 100644 views/contact.html
 create mode 100644 views/deborah.erb
 create mode 100644 views/instance.erb
 create mode 100644 views/template.erb
 create mode 100644 views/variables.erb

C:\Users\Deborah\Documents\Ruby\sinatra-starter>cd ..

C:\Users\Deborah\Documents\Ruby>git status
On branch master
Changes not staged for commit:
  (use "git add <file>..." to update what will be committed)
  (use "git checkout -- <file>..." to discard changes in working directory)

        modified:   sinatra-starter (new commits)

no changes added to commit (use "git add" and/or "git commit -a")

C:\Users\Deborah\Documents\Ruby>git add sinatra-starter

C:\Users\Deborah\Documents\Ruby>git status
On branch master
Changes to be committed:
  (use "git reset HEAD <file>..." to unstage)

        modified:   sinatra-starter


C:\Users\Deborah\Documents\Ruby>git commit -m "adding sinatra-starter"
[master a589849] adding sinatra-starter
 1 file changed, 1 insertion(+), 1 deletion(-)

C:\Users\Deborah\Documents\Ruby>git status
On branch master
nothing to commit, working directory clean

C:\Users\Deborah\Documents\Ruby>